    		

    		<< Start of Message >>
    		There was a hacking attempt on your form. 
 
    		Date of Attack: 31 Aug 2019
    		IP-Adress: 185.255.96.99 

    		Host of Attacker: 185.255.96.99
    		Point of Attack: Unknown form fields
    		<< End of Message >>    		

    		<< Start of Message >>
    		There was a hacking attempt on your form. 
 
    		Date of Attack: 18 Sep 2019
    		IP-Adress: 185.255.96.99 

    		Host of Attacker: 185.255.96.99
    		Point of Attack: Unknown form fields
    		<< End of Message >>    		

    		<< Start of Message >>
    		There was a hacking attempt on your form. 
 
    		Date of Attack: 22 Sep 2019
    		IP-Adress: 185.255.96.99 

    		Host of Attacker: 185.255.96.99
    		Point of Attack: Unknown form fields
    		<< End of Message >>    		

    		<< Start of Message >>
    		There was a hacking attempt on your form. 
 
    		Date of Attack: 10 Oct 2019
    		IP-Adress: 185.255.96.99 

    		Host of Attacker: 185.255.96.99
    		Point of Attack: Unknown form fields
    		<< End of Message >>    		

    		<< Start of Message >>
    		There was a hacking attempt on your form. 
 
    		Date of Attack: 14 Oct 2019
    		IP-Adress: 185.255.96.99 

    		Host of Attacker: 185.255.96.99
    		Point of Attack: Unknown form fields
    		<< End of Message >>    		

    		<< Start of Message >>
    		There was a hacking attempt on your form. 
 
    		Date of Attack: 15 Feb 2020
    		IP-Adress: 5.188.84.66 

    		Host of Attacker: 5.188.84.66
    		Point of Attack: Unknown form fields
    		<< End of Message >>    		

    		<< Start of Message >>
    		There was a hacking attempt on your form. 
 
    		Date of Attack: 30 Mar 2020
    		IP-Adress: 5.188.84.130 

    		Host of Attacker: 5.188.84.130
    		Point of Attack: Unknown form fields
    		<< End of Message >>    		

    		<< Start of Message >>
    		There was a hacking attempt on your form. 
 
    		Date of Attack: 13 Apr 2020
    		IP-Adress: 5.188.84.6 

    		Host of Attacker: 5.188.84.6
    		Point of Attack: Unknown form fields
    		<< End of Message >>    		

    		<< Start of Message >>
    		There was a hacking attempt on your form. 
 
    		Date of Attack: 18 Apr 2020
    		IP-Adress: 5.188.84.6 

    		Host of Attacker: 5.188.84.6
    		Point of Attack: Unknown form fields
    		<< End of Message >>    		

    		<< Start of Message >>
    		There was a hacking attempt on your form. 
 
    		Date of Attack: 10 Dec 2020
    		IP-Adress: 5.188.48.14 

    		Host of Attacker: 5.188.48.14
    		Point of Attack: Unknown form fields
    		<< End of Message >>    		

    		<< Start of Message >>
    		There was a hacking attempt on your form. 
 
    		Date of Attack: 12 Apr 2021
    		IP-Adress: 5.188.48.14 

    		Host of Attacker: 5.188.48.14
    		Point of Attack: Unknown form fields
    		<< End of Message >>    		

    		<< Start of Message >>
    		There was a hacking attempt on your form. 
 
    		Date of Attack: 30 Apr 2021
    		IP-Adress: 5.188.48.14 

    		Host of Attacker: 5.188.48.14
    		Point of Attack: Unknown form fields
    		<< End of Message >>    		

    		<< Start of Message >>
    		There was a hacking attempt on your form. 
 
    		Date of Attack: 29 May 2021
    		IP-Adress: 5.188.48.14 

    		Host of Attacker: 5.188.48.14
    		Point of Attack: Unknown form fields
    		<< End of Message >>    		

    		<< Start of Message >>
    		There was a hacking attempt on your form. 
 
    		Date of Attack: 15 Jun 2021
    		IP-Adress: 5.188.48.14 

    		Host of Attacker: 5.188.48.14
    		Point of Attack: Unknown form fields
    		<< End of Message >>    		

    		<< Start of Message >>
    		There was a hacking attempt on your form. 
 
    		Date of Attack: 30 Jun 2021
    		IP-Adress: 5.188.48.14 

    		Host of Attacker: 5.188.48.14
    		Point of Attack: Unknown form fields
    		<< End of Message >>    		

    		<< Start of Message >>
    		There was a hacking attempt on your form. 
 
    		Date of Attack: 17 Jul 2021
    		IP-Adress: 5.188.48.14 

    		Host of Attacker: 5.188.48.14
    		Point of Attack: Unknown form fields
    		<< End of Message >>    		

    		<< Start of Message >>
    		There was a hacking attempt on your form. 
 
    		Date of Attack: 05 Aug 2021
    		IP-Adress: 5.188.48.14 

    		Host of Attacker: 5.188.48.14
    		Point of Attack: Unknown form fields
    		<< End of Message >>    		

    		<< Start of Message >>
    		There was a hacking attempt on your form. 
 
    		Date of Attack: 26 Aug 2021
    		IP-Adress: 5.188.48.14 

    		Host of Attacker: 5.188.48.14
    		Point of Attack: Unknown form fields
    		<< End of Message >>    		

    		<< Start of Message >>
    		There was a hacking attempt on your form. 
 
    		Date of Attack: 12 Apr 2022
    		IP-Adress: 46.161.11.4 

    		Host of Attacker: 46.161.11.4
    		Point of Attack: Unknown form fields
    		<< End of Message >>    		

    		<< Start of Message >>
    		There was a hacking attempt on your form. 
 
    		Date of Attack: 05 Jun 2022
    		IP-Adress: 46.161.11.8 

    		Host of Attacker: 46.161.11.8
    		Point of Attack: Unknown form fields
    		<< End of Message >>    		

    		<< Start of Message >>
    		There was a hacking attempt on your form. 
 
    		Date of Attack: 12 Oct 2022
    		IP-Adress: 37.139.53.20 

    		Host of Attacker: 37.139.53.20
    		Point of Attack: Unknown form fields
    		<< End of Message >>    		

    		<< Start of Message >>
    		There was a hacking attempt on your form. 
 
    		Date of Attack: 15 Jan 2023
    		IP-Adress: 37.139.53.40 

    		Host of Attacker: 37.139.53.40
    		Point of Attack: Unknown form fields
    		<< End of Message >>    		

    		<< Start of Message >>
    		There was a hacking attempt on your form. 
 
    		Date of Attack: 06 Apr 2023
    		IP-Adress: 37.139.53.30 

    		Host of Attacker: 37.139.53.30
    		Point of Attack: Unknown form fields
    		<< End of Message >>    		

    		<< Start of Message >>
    		There was a hacking attempt on your form. 
 
    		Date of Attack: 29 May 2026
    		IP-Adress: ::1 

    		Host of Attacker: FLO20271
    		Point of Attack: Formtoken
    		<< End of Message >>    		

    		<< Start of Message >>
    		There was a hacking attempt on your form. 
 
    		Date of Attack: 29 May 2026
    		IP-Adress: 127.0.0.1 

    		Host of Attacker: kubernetes.docker.internal
    		Point of Attack: Formtoken
    		<< End of Message >>